23:16:58 **** Incremental Build of configuration Debug for project Board 2 ****
make -j16 all 
arm-none-eabi-gcc "../Core/Src/main.c" -mcpu=cortex-m4 -std=gnu11 -g3 -DDEBUG -DUSE_HAL_DRIVER -DSTM32F401xE -c -I../Core/Inc -I../Drivers/STM32F4xx_HAL_Driver/Inc -I../Drivers/STM32F4xx_HAL_Driver/Inc/Legacy -I../Drivers/CMSIS/Device/ST/STM32F4xx/Include -I../Drivers/CMSIS/Include -O0 -ffunction-sections -fdata-sections -Wall -fstack-usage -fcyclomatic-complexity -MMD -MP -MF"Core/Src/main.d" -MT"Core/Src/main.o" --specs=nano.specs -mfpu=fpv4-sp-d16 -mfloat-abi=hard -mthumb -o "Core/Src/main.o"
../Core/Src/main.c: In function 'main':
../Core/Src/main.c:122:66: warning: implicit declaration of function 'strlen' [-Wimplicit-function-declaration]
  122 |                   HAL_UART_Transmit(&huart1, (uint8_t *)message, strlen(message), HAL_MAX_DELAY);
      |                                                                  ^~~~~~
../Core/Src/main.c:31:1: note: include '<string.h>' or provide a declaration of 'strlen'
   30 | #include "stdio.h"
  +++ |+#include <string.h>
   31 | /* Private includes ----------------------------------------------------------*/
../Core/Src/main.c:122:66: warning: incompatible implicit declaration of built-in function 'strlen' [-Wbuiltin-declaration-mismatch]
  122 |                   HAL_UART_Transmit(&huart1, (uint8_t *)message, strlen(message), HAL_MAX_DELAY);
      |                                                                  ^~~~~~
../Core/Src/main.c:122:66: note: include '<string.h>' or provide a declaration of 'strlen'
arm-none-eabi-gcc -o "Board 2.elf" @"objects.list"   -mcpu=cortex-m4 -T"C:\Users\daiya\ECE 198\Subway-Transcription-System\STM32CubeIDE\Board 2\STM32F401RETX_FLASH.ld" --specs=nosys.specs -Wl,-Map="Board 2.map" -Wl,--gc-sections -static --specs=nano.specs -mfpu=fpv4-sp-d16 -mfloat-abi=hard -mthumb -Wl,--start-group -lc -lm -Wl,--end-group
Finished building target: Board 2.elf
 
arm-none-eabi-size  Board\ 2.elf 
arm-none-eabi-objdump -h -S Board\ 2.elf  > "Board 2.list"
   text	   data	    bss	    dec	    hex	filename
  13056	    104	   2048	  15208	   3b68	Board 2.elf
Finished building: default.size.stdout
 
Finished building: Board 2.list
 

23:16:59 Build Finished. 0 errors, 2 warnings. (took 1s.541ms)

